// Vitest Snapshot v1, https://vitest.dev/guide/snapshot.html

exports[`Error boundary > Should match snapshot 1`] = `
<div>
  <div>
    ErrorBoundary
  </div>
</div>
`;
