// Vitest Snapshot v1, https://vitest.dev/guide/snapshot.html

exports[`Home page > Should match snapshot 1`] = `
<body>
  <div>
    <div>
      <h2
        class="HomePage__styles.heading x2b8uid"
      >
        Main page
      </h2>
      <button
        class="Button__styles.button x1ypdohk x78zum5 x1qihwyb xmgby6i xddr76m x1835gkm x15tramd xq1mx2j xkpwil5"
        style="--backgroundColor: red;"
      >
        Other page
      </button>
    </div>
  </div>
</body>
`;
